// Jest Snapshot v1, https://goo.gl/fbAQLP

exports[`Dummy test Just to satisfy compile 1`] = `"hello"`;
