// Jest Snapshot v1, https://goo.gl/fbAQLP

exports[`TimeAggregator Simple 1`] = `
Array [
  StatisticDataPoint {
    "statistics": Object {
      "n1": Statistic {
        "avg": 1,
        "max": 1,
        "min": 1,
        "p50": 1,
        "p90": 1,
        "p99": 1,
        "sum": 1,
        "total": 1,
        "values": Array [],
      },
      "n1.a": Statistic {
        "avg": 0,
        "max": 0,
        "min": 0,
        "p50": 0,
        "p90": 0,
        "p99": 0,
        "sum": 0,
        "total": 1,
        "values": Array [],
      },
      "n1.b": Statistic {
        "avg": 7,
        "max": 7,
        "min": 7,
        "p50": 7,
        "p90": 7,
        "p99": 7,
        "sum": 7,
        "total": 1,
        "values": Array [],
      },
      "n2": Statistic {
        "avg": 1,
        "max": 1,
        "min": 1,
        "p50": 1,
        "p90": 1,
        "p99": 1,
        "sum": 1,
        "total": 1,
        "values": Array [],
      },
      "n2.a": Statistic {
        "avg": 1,
        "max": 1,
        "min": 1,
        "p50": 1,
        "p90": 1,
        "p99": 1,
        "sum": 1,
        "total": 1,
        "values": Array [],
      },
      "n2.b": Statistic {
        "avg": 6,
        "max": 6,
        "min": 6,
        "p50": 6,
        "p90": 6,
        "p99": 6,
        "sum": 6,
        "total": 1,
        "values": Array [],
      },
    },
    "time": 1000,
  },
  StatisticDataPoint {
    "statistics": Object {
      "n1": Statistic {
        "avg": 1,
        "max": 1,
        "min": 1,
        "p50": 1,
        "p90": 1,
        "p99": 1,
        "sum": 2,
        "total": 2,
        "values": Array [],
      },
      "n1.a": Statistic {
        "avg": 2.5,
        "max": 3,
        "min": 2,
        "p50": 3,
        "p90": 3,
        "p99": 3,
        "sum": 5,
        "total": 2,
        "values": Array [],
      },
      "n1.b": Statistic {
        "avg": 4.5,
        "max": 5,
        "min": 4,
        "p50": 4,
        "p90": 4,
        "p99": 4,
        "sum": 9,
        "total": 2,
        "values": Array [],
      },
    },
    "time": 1010,
  },
  StatisticDataPoint {
    "statistics": Object {
      "n1": Statistic {
        "avg": 1,
        "max": 1,
        "min": 1,
        "p50": 1,
        "p90": 1,
        "p99": 1,
        "sum": 1,
        "total": 1,
        "values": Array [],
      },
      "n1.a": Statistic {
        "avg": 5,
        "max": 5,
        "min": 5,
        "p50": 5,
        "p90": 5,
        "p99": 5,
        "sum": 5,
        "total": 1,
        "values": Array [],
      },
      "n1.b": Statistic {
        "avg": 2,
        "max": 2,
        "min": 2,
        "p50": 2,
        "p90": 2,
        "p99": 2,
        "sum": 2,
        "total": 1,
        "values": Array [],
      },
      "n2": Statistic {
        "avg": 1,
        "max": 1,
        "min": 1,
        "p50": 1,
        "p90": 1,
        "p99": 1,
        "sum": 1,
        "total": 1,
        "values": Array [],
      },
      "n2.a": Statistic {
        "avg": 4,
        "max": 4,
        "min": 4,
        "p50": 4,
        "p90": 4,
        "p99": 4,
        "sum": 4,
        "total": 1,
        "values": Array [],
      },
      "n2.b": Statistic {
        "avg": 3,
        "max": 3,
        "min": 3,
        "p50": 3,
        "p90": 3,
        "p99": 3,
        "sum": 3,
        "total": 1,
        "values": Array [],
      },
    },
    "time": 1020,
  },
  StatisticDataPoint {
    "statistics": Object {
      "n2": Statistic {
        "avg": 1,
        "max": 1,
        "min": 1,
        "p50": 1,
        "p90": 1,
        "p99": 1,
        "sum": 2,
        "total": 2,
        "values": Array [],
      },
      "n2.a": Statistic {
        "avg": 6.5,
        "max": 7,
        "min": 6,
        "p50": 7,
        "p90": 7,
        "p99": 7,
        "sum": 13,
        "total": 2,
        "values": Array [],
      },
      "n2.b": Statistic {
        "avg": 0.5,
        "max": 1,
        "min": 0,
        "p50": 0,
        "p90": 0,
        "p99": 0,
        "sum": 1,
        "total": 2,
        "values": Array [],
      },
    },
    "time": 1030,
  },
]
`;
